// Jest Snapshot v1, https://goo.gl/fbAQLP

exports[`Super form 1 1`] = `
<div>
  <form
    action="/inicioSesion"
    method="post"
  >
    <h1
      style={
        Object {
          "color": "#fff",
        }
      }
    >
      Iniciar sesión
    </h1>
    <div
      style={
        Object {
          "border": "none",
          "color": "#fff",
          "textAlign": "left",
          "width": "360pt",
        }
      }
    >
      <label
        htmlFor="correo"
      >
         
        Correo Electrónico: 
         
      </label>
      <br />
      <input
        defaultValue=""
        name="correo"
        placeholder="Dirección de correo electrónico"
        style={
          Object {
            "background": "#fff6",
            "border": "none",
            "borderRadius": "15px",
            "color": "#000",
            "display": "block",
            "padding": "10px",
            "width": "100%",
          }
        }
        type="email"
      />
      <br />
    </div>
    <div
      style={
        Object {
          "border": "none",
          "color": "#fff",
          "textAlign": "left",
          "width": "360pt",
        }
      }
    >
      <label
        htmlFor="contra"
      >
         
        Contraseña
         
      </label>
      <br />
      <input
        defaultValue=""
        name="contra"
        placeholder="Contraseña"
        style={
          Object {
            "background": "#fff6",
            "border": "none",
            "borderRadius": "15px",
            "color": "#000",
            "display": "block",
            "padding": "10px",
            "width": "100%",
          }
        }
        type="password"
      />
      <br />
    </div>
    <button
      style={
        Object {
          "background": "#D53F3D",
          "border": "none",
          "color": "#fff",
          "padding": "10px 50px",
          "textTransform": "uppercase",
          "width": "146pt",
        }
      }
      type="Submit"
    >
       Confirmar
    </button>
  </form>
</div>
`;

exports[`Test 1 1`] = `
<button
  data-testid="boton"
>
  hola
</button>
`;
